---
source: crates/astrotui-render-color/src/lib.rs
expression: "pixels_to_text(&buf, a)"
---
                  
                  
                  
                  
                  
                  
     =++=.        
     +####+       
     =#%%%#+      
      +#%%%#=     
       +####+     
        .=++=
